---
source: inspector/src/queries.rs
expression: "Formats::Table.serialize(&overview)?"
---
+-------------------+---------------------+
| FIELD             | VALUE               |
+=========================================+
| channels          | (see list below)    |
|-------------------+---------------------|
| source            | (see details below) |
|-------------------+---------------------|
| summary           | (see details below) |
|-------------------+---------------------|
| ticket_parameters | (see details below) |
+-------------------+---------------------+

channels
+-------+
| INDEX |
+=======+
| 0     |
|-------|
| 1     |
|-------|
| 2     |
+-------+

channels[0].channel
+---------------------+------------------------------------------------------------------+
| FIELD               | VALUE                                                            |
+========================================================================================+
| balance             | 1 wxHOPR                                                         |
|---------------------+------------------------------------------------------------------|
| closure_time        | -                                                                |
|---------------------+------------------------------------------------------------------|
| concrete_channel_id | 0000000000000000000000000000000000000000000000000000000000000002 |
|---------------------+------------------------------------------------------------------|
| destination         | 2                                                                |
|---------------------+------------------------------------------------------------------|
| epoch               | 1                                                                |
|---------------------+------------------------------------------------------------------|
| source              | 7                                                                |
|---------------------+------------------------------------------------------------------|
| status              | OPEN                                                             |
|---------------------+------------------------------------------------------------------|
| ticket_index        | 0                                                                |
+---------------------+------------------------------------------------------------------+

channels[0].destination
+-----------------+------------------------------------------------------------------+
| FIELD           | VALUE                                                            |
+====================================================================================+
| chain_key       | 0x0000000000000000000000000000000000000002                       |
|-----------------+------------------------------------------------------------------|
| keyid           | 2                                                                |
|-----------------+------------------------------------------------------------------|
| multi_addresses | (see list below)                                                 |
|-----------------+------------------------------------------------------------------|
| packet_key      | 30dc46df1f429b9c0d1d6d81198420f3af92348e7fe97b003717108b22f8d985 |
|-----------------+------------------------------------------------------------------|
| peer_id         | 12D3KooWD76Yz3xGzvsSvJ3MYQn2YbNnKNybL5vSJxXo2Txzkyuv             |
|-----------------+------------------------------------------------------------------|
| safe_address    | -                                                                |
+-----------------+------------------------------------------------------------------+

channels[0].destination.multi_addresses
(empty)

channels[1].channel
+---------------------+------------------------------------------------------------------+
| FIELD               | VALUE                                                            |
+========================================================================================+
| balance             | 0.5 wxHOPR                                                       |
|---------------------+------------------------------------------------------------------|
| closure_time        | -                                                                |
|---------------------+------------------------------------------------------------------|
| concrete_channel_id | 0000000000000000000000000000000000000000000000000000000000000003 |
|---------------------+------------------------------------------------------------------|
| destination         | 3                                                                |
|---------------------+------------------------------------------------------------------|
| epoch               | 1                                                                |
|---------------------+------------------------------------------------------------------|
| source              | 7                                                                |
|---------------------+------------------------------------------------------------------|
| status              | PENDINGTOCLOSE                                                   |
|---------------------+------------------------------------------------------------------|
| ticket_index        | 0                                                                |
+---------------------+------------------------------------------------------------------+

channels[1].destination
+-----------------+------------------------------------------------------------------+
| FIELD           | VALUE                                                            |
+====================================================================================+
| chain_key       | 0x0000000000000000000000000000000000000003                       |
|-----------------+------------------------------------------------------------------|
| keyid           | 3                                                                |
|-----------------+------------------------------------------------------------------|
| multi_addresses | (see list below)                                                 |
|-----------------+------------------------------------------------------------------|
| packet_key      | 30dc46df1f429b9c0d1d6d81198420f3af92348e7fe97b003717108b22f8d985 |
|-----------------+------------------------------------------------------------------|
| peer_id         | 12D3KooWD76Yz3xGzvsSvJ3MYQn2YbNnKNybL5vSJxXo2Txzkyuv             |
|-----------------+------------------------------------------------------------------|
| safe_address    | -                                                                |
+-----------------+------------------------------------------------------------------+

channels[1].destination.multi_addresses
(empty)

channels[2].channel
+---------------------+------------------------------------------------------------------+
| FIELD               | VALUE                                                            |
+========================================================================================+
| balance             | 0 wxHOPR                                                         |
|---------------------+------------------------------------------------------------------|
| closure_time        | -                                                                |
|---------------------+------------------------------------------------------------------|
| concrete_channel_id | 0000000000000000000000000000000000000000000000000000000000000004 |
|---------------------+------------------------------------------------------------------|
| destination         | 4                                                                |
|---------------------+------------------------------------------------------------------|
| epoch               | 1                                                                |
|---------------------+------------------------------------------------------------------|
| source              | 7                                                                |
|---------------------+------------------------------------------------------------------|
| status              | CLOSED                                                           |
|---------------------+------------------------------------------------------------------|
| ticket_index        | 0                                                                |
+---------------------+------------------------------------------------------------------+

channels[2].destination
+-----------------+------------------------------------------------------------------+
| FIELD           | VALUE                                                            |
+====================================================================================+
| chain_key       | 0x0000000000000000000000000000000000000004                       |
|-----------------+------------------------------------------------------------------|
| keyid           | 4                                                                |
|-----------------+------------------------------------------------------------------|
| multi_addresses | (see list below)                                                 |
|-----------------+------------------------------------------------------------------|
| packet_key      | 30dc46df1f429b9c0d1d6d81198420f3af92348e7fe97b003717108b22f8d985 |
|-----------------+------------------------------------------------------------------|
| peer_id         | 12D3KooWD76Yz3xGzvsSvJ3MYQn2YbNnKNybL5vSJxXo2Txzkyuv             |
|-----------------+------------------------------------------------------------------|
| safe_address    | -                                                                |
+-----------------+------------------------------------------------------------------+

channels[2].destination.multi_addresses
(empty)

source
+-----------------+------------------------------------------------------------------+
| FIELD           | VALUE                                                            |
+====================================================================================+
| chain_key       | 0x0000000000000000000000000000000000000007                       |
|-----------------+------------------------------------------------------------------|
| keyid           | 7                                                                |
|-----------------+------------------------------------------------------------------|
| multi_addresses | (see list below)                                                 |
|-----------------+------------------------------------------------------------------|
| packet_key      | 30dc46df1f429b9c0d1d6d81198420f3af92348e7fe97b003717108b22f8d985 |
|-----------------+------------------------------------------------------------------|
| peer_id         | 12D3KooWD76Yz3xGzvsSvJ3MYQn2YbNnKNybL5vSJxXo2Txzkyuv             |
|-----------------+------------------------------------------------------------------|
| safe_address    | -                                                                |
+-----------------+------------------------------------------------------------------+

source.multi_addresses
(empty)

summary
+------------------------+------------+
| FIELD                  | VALUE      |
+=====================================+
| channel_count          | 3          |
|------------------------+------------|
| closed_count           | 1          |
|------------------------+------------|
| open_count             | 1          |
|------------------------+------------|
| pending_to_close_count | 1          |
|------------------------+------------|
| total_balance          | 1.5 wxHOPR |
+------------------------+------------+

ticket_parameters
+--------------------------------+---------------------------+
| FIELD                          | VALUE                     |
+============================================================+
| block_number                   | 123                       |
|--------------------------------+---------------------------|
| min_ticket_winning_probability | 0.000125                  |
|--------------------------------+---------------------------|
| ticket_price                   | 0.0000000000000001 wxHOPR |
+--------------------------------+---------------------------+
