---
source: inspector/src/table.rs
expression: "render(&json!({\n    \"source\":\n    {\n        \"chain_key\": \"0x1234\", \"multi_addresses\": [\"/ip4/127.0.0.1/tcp/9091\"],\n    }, \"channels\":\n    [{\n        \"channel\": {\"status\": \"OPEN\", \"ticket_index\": \"0\"}, \"destination\":\n        {\"peer_id\": \"12D3KooWFullPeerId\"},\n    },], \"empty\": [],\n}))"
---
+----------+---------------------+
| FIELD    | VALUE               |
+================================+
| channels | (see list below)    |
|----------+---------------------|
| empty    | (see list below)    |
|----------+---------------------|
| source   | (see details below) |
+----------+---------------------+

channels
+-------+
| INDEX |
+=======+
| 0     |
+-------+

channels[0].channel
+--------------+-------+
| FIELD        | VALUE |
+======================+
| status       | OPEN  |
|--------------+-------|
| ticket_index | 0     |
+--------------+-------+

channels[0].destination
+---------+--------------------+
| FIELD   | VALUE              |
+==============================+
| peer_id | 12D3KooWFullPeerId |
+---------+--------------------+

empty
(empty)

source
+-----------------+------------------+
| FIELD           | VALUE            |
+====================================+
| chain_key       | 0x1234           |
|-----------------+------------------|
| multi_addresses | (see list below) |
+-----------------+------------------+

source.multi_addresses
+-------------------------+
| VALUE                   |
+=========================+
| /ip4/127.0.0.1/tcp/9091 |
+-------------------------+
