---
source: api/tests/curvy_event_pipeline_test.rs
expression: "json!({\n    \"token_address\": format!(\"0x{}\", hex::encode(&stored.token_address)),\n    \"token_id\": format!(\"0x{}\", hex::encode(&stored.token_id)),\n    \"chain_tx_hash\": format!(\"0x{}\", hex::encode(&stored.chain_tx_hash)),\n    \"published_block\": stored.published_block, \"published_tx_index\":\n    stored.published_tx_index, \"published_log_index\":\n    stored.published_log_index,\n})"
---
chain_tx_hash: "0xb8273cb397b6df9f4065573eb83d2ff0c8f1fdf4fbcd6a0ccd247c6747a7d6e0"
published_block: 20
published_log_index: 0
published_tx_index: 0
token_address: "0x9a676e781a523b5d0c0e43731313a708cb607508"
token_id: "0x0000000000000000000000000000000000000000000000000000000000000002"
